available: 8 nodes (0-7)
node 0 cpus: 0 1 2 3 8 9 10 11 16 17 18 19 24 25 26 27 32 33 34 35 40 41 42 43 48 49 50 51 56 57 58 59 64 65 66 67
node 0 size: 1042332 MB
node 0 free: 811510 MB
node 1 cpus: 72 73 74 75 80 81 82 83 88 89 90 91 96 97 98 99 104 105 106 107 112 113 114 115 120 121 122 123 128 129 130 131 136 137 138 139 144 145 146 147
node 1 size: 1045697 MB
node 1 free: 821041 MB
node 2 cpus: 152 153 154 155 160 161 162 163 168 169 170 171 176 177 178 179 184 185 186 187 192 193 194 195 200 201 202 203 208 209 210 211 216 217 218 219
node 2 size: 1033426 MB
node 2 free: 786089 MB
node 3 cpus: 224 225 226 227 232 233 234 235 240 241 242 243 248 249 250 251 256 257 258 259 264 265 266 267 272 273 274 275 280 281 282 283 288 289 290 291 296 297 298 299
node 3 size: 966670 MB
node 3 free: 698011 MB
node 4 cpus: 304 305 306 307 312 313 314 315 320 321 322 323 328 329 330 331 336 337 338 339 344 345 346 347 352 353 354 355 360 361 362 363 368 369 370 371 376 377 378 379
node 4 size: 1026771 MB
node 4 free: 762182 MB
node 5 cpus: 384 385 386 387 392 393 394 395 400 401 402 403 408 409 410 411 416 417 418 419 424 425 426 427 432 433 434 435 440 441 442 443 448 449 450 451
node 5 size: 1022684 MB
node 5 free: 814798 MB
node 6 cpus: 456 457 458 459 464 465 466 467 472 473 474 475 480 481 482 483 488 489 490 491 496 497 498 499 504 505 506 507 512 513 514 515 520 521 522 523 528 529 530 531
node 6 size: 1022936 MB
node 6 free: 805597 MB
node 7 cpus: 536 537 538 539 544 545 546 547 552 553 554 555 560 561 562 563 568 569 570 571 576 577 578 579 584 585 586 587 592 593 594 595 600 601 602 603
node 7 size: 1022164 MB
node 7 free: 854880 MB
node distances:
node   0   1   2   3   4   5   6   7 
  0:  10  20  40  40  40  40  40  40 
  1:  20  10  40  40  40  40  40  40 
  2:  40  40  10  20  40  40  40  40 
  3:  40  40  20  10  40  40  40  40 
  4:  40  40  40  40  10  20  40  40 
  5:  40  40  40  40  20  10  40  40 
  6:  40  40  40  40  40  40  10  20 
  7:  40  40  40  40  40  40  20  10 
