available: 16 nodes (0-15)
node 0 cpus: 0 1 2 3 8 9 10 11 16 17 18 19 24 25 26 27 32 33 34 35 40 41 42 43 48 49 50 51 56 57 58 59 64 65 66 67 72 73 74 75 80 81 82 83 88 89 90 91 96 97 98 99 104 105 106 107 112 113 114 115
node 0 size: 532504 MB
node 0 free: 431590 MB
node 1 cpus: 120 121 122 123 128 129 130 131 136 137 138 139 144 145 146 147 152 153 154 155 160 161 162 163 168 169 170 171 176 177 178 179 184 185 186 187 192 193 194 195 200 201 202 203 208 209 210 211 216 217 218 219 224 225 226 227 232 233 234 235
node 1 size: 532899 MB
node 1 free: 466199 MB
node 2 cpus: 240 241 242 243 248 249 250 251 256 257 258 259 264 265 266 267 272 273 274 275 280 281 282 283 288 289 290 291 296 297 298 299 304 305 306 307 312 313 314 315 320 321 322 323 328 329 330 331 336 337 338 339 344 345 346 347 352 353 354 355
node 2 size: 532897 MB
node 2 free: 443907 MB
node 3 cpus: 360 361 362 363 368 369 370 371 376 377 378 379 384 385 386 387 392 393 394 395 400 401 402 403 408 409 410 411 416 417 418 419 424 425 426 427 432 433 434 435 440 441 442 443 448 449 450 451 456 457 458 459 464 465 466 467 472 473 474 475
node 3 size: 532899 MB
node 3 free: 442593 MB
node 4 cpus: 480 481 482 483 488 489 490 491 496 497 498 499 504 505 506 507 512 513 514 515 520 521 522 523 528 529 530 531 536 537 538 539 544 545 546 547 552 553 554 555 560 561 562 563 568 569 570 571 576 577 578 579 584 585 586 587 592 593 594 595
node 4 size: 532897 MB
node 4 free: 456580 MB
node 5 cpus: 600 601 602 603 608 609 610 611 616 617 618 619 624 625 626 627 632 633 634 635 640 641 642 643 648 649 650 651 656 657 658 659 664 665 666 667 672 673 674 675 680 681 682 683 688 689 690 691 696 697 698 699 704 705 706 707
node 5 size: 497354 MB
node 5 free: 396621 MB
node 6 cpus: 712 713 714 715 720 721 722 723 728 729 730 731 736 737 738 739 744 745 746 747 752 753 754 755 760 761 762 763 768 769 770 771 776 777 778 779 784 785 786 787 792 793 794 795 800 801 802 803 808 809 810 811 816 817 818 819 824 825 826 827
node 6 size: 532387 MB
node 6 free: 462856 MB
node 7 cpus: 832 833 834 835 840 841 842 843 848 849 850 851 856 857 858 859 864 865 866 867 872 873 874 875 880 881 882 883 888 889 890 891 896 897 898 899 904 905 906 907 912 913 914 915 920 921 922 923 928 929 930 931 936 937 938 939 944 945 946 947
node 7 size: 532385 MB
node 7 free: 455214 MB
node 8 cpus: 952 953 954 955 960 961 962 963 968 969 970 971 976 977 978 979 984 985 986 987 992 993 994 995 1000 1001 1002 1003 1008 1009 1010 1011 1016 1017 1018 1019 1024 1025 1026 1027 1032 1033 1034 1035 1040 1041 1042 1043 1048 1049 1050 1051 1056 1057 1058 1059 1064 1065 1066 1067
node 8 size: 532387 MB
node 8 free: 445515 MB
node 9 cpus: 1072 1073 1074 1075 1080 1081 1082 1083 1088 1089 1090 1091 1096 1097 1098 1099 1104 1105 1106 1107 1112 1113 1114 1115 1120 1121 1122 1123 1128 1129 1130 1131 1136 1137 1138 1139 1144 1145 1146 1147 1152 1153 1154 1155 1160 1161 1162 1163 1168 1169 1170 1171 1176 1177 1178 1179 1184 1185 1186 1187
node 9 size: 532387 MB
node 9 free: 456532 MB
node 10 cpus: 1192 1193 1194 1195 1200 1201 1202 1203 1208 1209 1210 1211 1216 1217 1218 1219 1224 1225 1226 1227 1232 1233 1234 1235 1240 1241 1242 1243 1248 1249 1250 1251 1256 1257 1258 1259 1264 1265 1266 1267 1272 1273 1274 1275 1280 1281 1282 1283 1288 1289 1290 1291 1296 1297 1298 1299 1304 1305 1306 1307
node 10 size: 532387 MB
node 10 free: 463384 MB
node 11 cpus: 1312 1313 1314 1315 1320 1321 1322 1323 1328 1329 1330 1331 1336 1337 1338 1339 1344 1345 1346 1347 1352 1353 1354 1355 1360 1361 1362 1363 1368 1369 1370 1371 1376 1377 1378 1379 1384 1385 1386 1387 1392 1393 1394 1395 1400 1401 1402 1403 1408 1409 1410 1411 1416 1417 1418 1419
node 11 size: 496842 MB
node 11 free: 426167 MB
node 12 cpus: 1424 1425 1426 1427 1432 1433 1434 1435 1440 1441 1442 1443 1448 1449 1450 1451 1456 1457 1458 1459 1464 1465 1466 1467 1472 1473 1474 1475 1480 1481 1482 1483 1488 1489 1490 1491 1496 1497 1498 1499 1504 1505 1506 1507 1512 1513 1514 1515 1520 1521 1522 1523 1528 1529 1530 1531 1536 1537 1538 1539
node 12 size: 532387 MB
node 12 free: 439152 MB
node 13 cpus: 1544 1545 1546 1547 1552 1553 1554 1555 1560 1561 1562 1563 1568 1569 1570 1571 1576 1577 1578 1579 1584 1585 1586 1587 1592 1593 1594 1595 1600 1601 1602 1603 1608 1609 1610 1611 1616 1617 1618 1619 1624 1625 1626 1627 1632 1633 1634 1635 1640 1641 1642 1643 1648 1649 1650 1651 1656 1657 1658 1659
node 13 size: 532385 MB
node 13 free: 468638 MB
node 14 cpus: 1664 1665 1666 1667 1672 1673 1674 1675 1680 1681 1682 1683 1688 1689 1690 1691 1696 1697 1698 1699 1704 1705 1706 1707 1712 1713 1714 1715 1720 1721 1722 1723 1728 1729 1730 1731 1736 1737 1738 1739 1744 1745 1746 1747 1752 1753 1754 1755 1760 1761 1762 1763 1768 1769 1770 1771
node 14 size: 496842 MB
node 14 free: 373176 MB
node 15 cpus: 1776 1777 1778 1779 1784 1785 1786 1787 1792 1793 1794 1795 1800 1801 1802 1803 1808 1809 1810 1811 1816 1817 1818 1819 1824 1825 1826 1827 1832 1833 1834 1835 1840 1841 1842 1843 1848 1849 1850 1851 1856 1857 1858 1859 1864 1865 1866 1867 1872 1873 1874 1875 1880 1881 1882 1883
node 15 size: 496012 MB
node 15 free: 428917 MB
node distances:
node   0   1   2   3   4   5   6   7   8   9  10  11  12  13  14  15 
  0:  10  20  20  20  40  40  40  40  40  40  40  40  40  40  40  40 
  1:  20  10  20  20  40  40  40  40  40  40  40  40  40  40  40  40 
  2:  20  20  10  20  40  40  40  40  40  40  40  40  40  40  40  40 
  3:  20  20  20  10  40  40  40  40  40  40  40  40  40  40  40  40 
  4:  40  40  40  40  10  20  20  20  40  40  40  40  40  40  40  40 
  5:  40  40  40  40  20  10  20  20  40  40  40  40  40  40  40  40 
  6:  40  40  40  40  20  20  10  20  40  40  40  40  40  40  40  40 
  7:  40  40  40  40  20  20  20  10  40  40  40  40  40  40  40  40 
  8:  40  40  40  40  40  40  40  40  10  20  20  20  40  40  40  40 
  9:  40  40  40  40  40  40  40  40  20  10  20  20  40  40  40  40 
 10:  40  40  40  40  40  40  40  40  20  20  10  20  40  40  40  40 
 11:  40  40  40  40  40  40  40  40  20  20  20  10  40  40  40  40 
 12:  40  40  40  40  40  40  40  40  40  40  40  40  10  20  20  20 
 13:  40  40  40  40  40  40  40  40  40  40  40  40  20  10  20  20 
 14:  40  40  40  40  40  40  40  40  40  40  40  40  20  20  10  20 
 15:  40  40  40  40  40  40  40  40  40  40  40  40  20  20  20  10 
